// Jest Snapshot v1, https://goo.gl/fbAQLP

exports[`expect to render Create Note component 1`] = `
<div
  className="CreateNote container"
>
  <CreateNoteModal
    buttonLabel="Create"
    handleSubmit={[Function]}
    id="createNote"
    onChange={[Function]}
  />
</div>
`;
