// Jest Snapshot v1, https://goo.gl/fbAQLP

exports[`expect to render Error Page 1`] = `
<div
  className="ErrorPage"
>
  <h2>
    There was an error on this page.
  </h2>
</div>
`;
